// Jest Snapshot v1, https://goo.gl/fbAQLP

exports[`BaseField matches snapshot 1`] = `
<input
  value=""
/>
`;
