// Jest Snapshot v1, https://goo.gl/fbAQLP

exports[`ChangeCard matches snapshot 1`] = `
<basequery-stub
  apollo="[object Object]"
/>
`;
