// Jest Snapshot v1, https://goo.gl/fbAQLP

exports[`HomeItem matches snapshot 1`] = `
<v-card-stub
  loaderheight="4"
  tag="div"
>
  <v-card-title-stub />
   
  <v-card-text-stub />
</v-card-stub>
`;
