// Jest Snapshot v1, https://goo.gl/fbAQLP

exports[`MediaItemOverline matches snapshot 1`] = `
<div
  class="overline primary--text text-truncate"
>
  <span
    class="mr-2"
  >
    Sunrise
  
  </span>
</div>
`;
