// Jest Snapshot v1, https://goo.gl/fbAQLP

exports[`MediaCardLoadingStatus matches snapshot 1`] = `
<v-progress-linear-stub
  active="true"
  buffervalue="100"
  color="grey lighten-2"
  height="4"
  value="50"
/>
`;
