// Jest Snapshot v1, https://goo.gl/fbAQLP

exports[`MediaItemLoadingTitle matches snapshot 1`] = `
<v-list-item-title-stub
  class="headline"
>
  <v-skeleton-loader-stub
    maxwidth="100%"
    type="text"
    types="[object Object]"
    width="420px"
  />
</v-list-item-title-stub>
`;
