// Jest Snapshot v1, https://goo.gl/fbAQLP

exports[`TheAppBarMenu matches snapshot 1`] = `<!---->`;

exports[`TheAppBarMenu matches snapshot 2`] = `<!---->`;
