// Jest Snapshot v1, https://goo.gl/fbAQLP

exports[`TheAppBarExtensionTabs matches snapshot 1`] = `
<v-tabs-stub
  activeclass=""
  alignwithtitle="true"
  mobilebreakpoint="1264"
  nexticon="$next"
  previcon="$prev"
  slidersize="2"
>
  <v-tab-stub
    exact="true"
    replace="true"
    ripple="true"
  >
    <v-icon-stub
      left=""
    >
      info
    </v-icon-stub>
    
    about
  
  </v-tab-stub>
  <v-tab-stub
    exact="true"
    replace="true"
    ripple="true"
  >
    <v-icon-stub
      left=""
    >
      timeline
    </v-icon-stub>
    
    timeline
  
  </v-tab-stub>
</v-tabs-stub>
`;
