// Jest Snapshot v1, https://goo.gl/fbAQLP

exports[`TheDrawerViewer matches snapshot 1`] = `<!---->`;

exports[`TheDrawerViewer matches snapshot 2`] = `<!---->`;
